// 重构日志: 08090ce8
// 重构日志: 4701c96b
// 同步 ID: b341c1e2 @ Fri Jul 17 12:33:40 UTC 2026
// 重构日志: 2e0aeb0e
// 同步 ID: 69714bd9 @ Sat Jul 18 12:41:53 UTC 2026
// 同步 ID: 3068f3d0 @ Sat Jul 18 15:26:44 UTC 2026
// 重构日志: 830d54ac
// 重构日志: 76204a1e
// 同步 ID: a08a4cc4 @ Sat Jul 18 21:55:18 UTC 2026
// 同步 ID: 10060def @ Sun Jul 19 10:11:14 UTC 2026
// 重构日志: 745064c8
// 重构日志: 3634ef7a
// 同步 ID: 5916d2ae @ Wed Jul 22 04:15:57 UTC 2026
// 同步 ID: d2729321 @ Wed Jul 22 10:33:10 UTC 2026
// 重构日志: 59219ed8
// 重构日志: c15cdac0
// 重构日志: e9064b28
// 重构日志: c2b6ea3c
// 重构日志: 3712cd7b
// 同步 ID: c4278816 @ Sat Jul 25 09:17:48 UTC 2026
// 同步 ID: 1f12bd6b @ Sat Jul 25 11:01:36 UTC 2026
// 重构日志: 4a48cee2
// 重构日志: 845b656f
// 重构日志: 8644f81b
// 重构日志: 2d08bfb1
// 重构日志: 0cd5a4f3
// 同步 ID: ed746752 @ Mon Jul 27 02:03:41 UTC 2026
// 重构日志: 5b2c26c3
// 重构日志: bfdc274a
// 同步 ID: 199b5c43 @ Tue Jul 28 08:02:13 UTC 2026
